------------------------------------------

CONVEYOR STARTED WORKING AT:	Fri Nov 29 19:48:39 2019

	STAGE1	OBJ_NUMBER:	0	PROCESSOR TIME	27250	DATETIME:	Fri Nov 29 19:48:39 2019
	STAGE1	OBJ_NUMBER:	1	PROCESSOR TIME	27475	DATETIME:	Fri Nov 29 19:48:39 2019
	STAGE1	OBJ_NUMBER:	2	PROCESSOR TIME	27588	DATETIME:	Fri Nov 29 19:48:39 2019
	STAGE1	OBJ_NUMBER:	3	PROCESSOR TIME	29202	DATETIME:	Fri Nov 29 19:48:39 2019
	STAGE2	OBJ_NUMBER:	0	PROCESSOR TIME	29202	DATETIME:	Fri Nov 29 19:48:39 2019
	STAGE2	OBJ_NUMBER:	1	PROCESSOR TIME	30890	DATETIME:	Fri Nov 29 19:48:39 2019
	STAGE1	OBJ_NUMBER:	4	PROCESSOR TIME	30925	DATETIME:	Fri Nov 29 19:48:39 2019
	STAGE3	OBJ_NUMBER:	0	PROCESSOR TIME	31000	DATETIME:	Fri Nov 29 19:48:39 2019
	STAGE1	OBJ_NUMBER:	5	PROCESSOR TIME	31145	DATETIME:	Fri Nov 29 19:48:39 2019
	STAGE1	OBJ_NUMBER:	6	PROCESSOR TIME	31256	DATETIME:	Fri Nov 29 19:48:39 2019
	STAGE3	OBJ_NUMBER:	1	PROCESSOR TIME	31315	DATETIME:	Fri Nov 29 19:48:39 2019
	STAGE1	OBJ_NUMBER:	7	PROCESSOR TIME	31477	DATETIME:	Fri Nov 29 19:48:39 2019
	STAGE1	OBJ_NUMBER:	8	PROCESSOR TIME	31582	DATETIME:	Fri Nov 29 19:48:39 2019
	STAGE1	OBJ_NUMBER:	9	PROCESSOR TIME	31682	DATETIME:	Fri Nov 29 19:48:39 2019
	STAGE1	OBJ_NUMBER:	10	PROCESSOR TIME	31782	DATETIME:	Fri Nov 29 19:48:39 2019
	STAGE1	OBJ_NUMBER:	11	PROCESSOR TIME	31883	DATETIME:	Fri Nov 29 19:48:39 2019
	STAGE1	OBJ_NUMBER:	12	PROCESSOR TIME	31988	DATETIME:	Fri Nov 29 19:48:39 2019
	STAGE1	OBJ_NUMBER:	13	PROCESSOR TIME	32088	DATETIME:	Fri Nov 29 19:48:39 2019
	STAGE1	OBJ_NUMBER:	14	PROCESSOR TIME	32185	DATETIME:	Fri Nov 29 19:48:39 2019
	STAGE1	OBJ_NUMBER:	15	PROCESSOR TIME	32281	DATETIME:	Fri Nov 29 19:48:39 2019
	STAGE1	OBJ_NUMBER:	16	PROCESSOR TIME	32378	DATETIME:	Fri Nov 29 19:48:39 2019
	STAGE1	OBJ_NUMBER:	17	PROCESSOR TIME	32479	DATETIME:	Fri Nov 29 19:48:39 2019
	STAGE2	OBJ_NUMBER:	2	PROCESSOR TIME	33599	DATETIME:	Fri Nov 29 19:48:39 2019
	STAGE1	OBJ_NUMBER:	18	PROCESSOR TIME	33698	DATETIME:	Fri Nov 29 19:48:39 2019
	STAGE2	OBJ_NUMBER:	3	PROCESSOR TIME	35024	DATETIME:	Fri Nov 29 19:48:39 2019
	STAGE1	OBJ_NUMBER:	19	PROCESSOR TIME	35075	DATETIME:	Fri Nov 29 19:48:39 2019
	STAGE3	OBJ_NUMBER:	2	PROCESSOR TIME	35098	DATETIME:	Fri Nov 29 19:48:39 2019
	STAGE3	OBJ_NUMBER:	3	PROCESSOR TIME	35164	DATETIME:	Fri Nov 29 19:48:39 2019
	STAGE1	OBJ_NUMBER:	20	PROCESSOR TIME	35279	DATETIME:	Fri Nov 29 19:48:39 2019
	STAGE2	OBJ_NUMBER:	4	PROCESSOR TIME	36778	DATETIME:	Fri Nov 29 19:48:39 2019
	STAGE3	OBJ_NUMBER:	4	PROCESSOR TIME	36873	DATETIME:	Fri Nov 29 19:48:39 2019
	STAGE2	OBJ_NUMBER:	5	PROCESSOR TIME	38049	DATETIME:	Fri Nov 29 19:48:39 2019
	STAGE3	OBJ_NUMBER:	5	PROCESSOR TIME	38138	DATETIME:	Fri Nov 29 19:48:39 2019
	STAGE2	OBJ_NUMBER:	6	PROCESSOR TIME	39553	DATETIME:	Fri Nov 29 19:48:39 2019
	STAGE3	OBJ_NUMBER:	6	PROCESSOR TIME	39660	DATETIME:	Fri Nov 29 19:48:39 2019
	STAGE2	OBJ_NUMBER:	7	PROCESSOR TIME	41223	DATETIME:	Fri Nov 29 19:48:39 2019
	STAGE3	OBJ_NUMBER:	7	PROCESSOR TIME	41336	DATETIME:	Fri Nov 29 19:48:39 2019
	STAGE2	OBJ_NUMBER:	8	PROCESSOR TIME	42771	DATETIME:	Fri Nov 29 19:48:39 2019
	STAGE3	OBJ_NUMBER:	8	PROCESSOR TIME	42950	DATETIME:	Fri Nov 29 19:48:39 2019
	STAGE2	OBJ_NUMBER:	9	PROCESSOR TIME	44462	DATETIME:	Fri Nov 29 19:48:39 2019
	STAGE3	OBJ_NUMBER:	9	PROCESSOR TIME	44585	DATETIME:	Fri Nov 29 19:48:39 2019
	STAGE2	OBJ_NUMBER:	10	PROCESSOR TIME	46238	DATETIME:	Fri Nov 29 19:48:39 2019
	STAGE3	OBJ_NUMBER:	10	PROCESSOR TIME	46337	DATETIME:	Fri Nov 29 19:48:39 2019
	STAGE2	OBJ_NUMBER:	11	PROCESSOR TIME	47768	DATETIME:	Fri Nov 29 19:48:39 2019
	STAGE3	OBJ_NUMBER:	11	PROCESSOR TIME	47877	DATETIME:	Fri Nov 29 19:48:39 2019
	STAGE2	OBJ_NUMBER:	12	PROCESSOR TIME	49396	DATETIME:	Fri Nov 29 19:48:39 2019
	STAGE3	OBJ_NUMBER:	12	PROCESSOR TIME	49510	DATETIME:	Fri Nov 29 19:48:39 2019
	STAGE2	OBJ_NUMBER:	13	PROCESSOR TIME	50922	DATETIME:	Fri Nov 29 19:48:39 2019
	STAGE3	OBJ_NUMBER:	13	PROCESSOR TIME	51027	DATETIME:	Fri Nov 29 19:48:39 2019
	STAGE2	OBJ_NUMBER:	14	PROCESSOR TIME	52509	DATETIME:	Fri Nov 29 19:48:39 2019
	STAGE3	OBJ_NUMBER:	14	PROCESSOR TIME	52633	DATETIME:	Fri Nov 29 19:48:39 2019
	STAGE2	OBJ_NUMBER:	15	PROCESSOR TIME	54129	DATETIME:	Fri Nov 29 19:48:39 2019
	STAGE3	OBJ_NUMBER:	15	PROCESSOR TIME	54242	DATETIME:	Fri Nov 29 19:48:39 2019
	STAGE2	OBJ_NUMBER:	16	PROCESSOR TIME	55868	DATETIME:	Fri Nov 29 19:48:39 2019
	STAGE3	OBJ_NUMBER:	16	PROCESSOR TIME	56004	DATETIME:	Fri Nov 29 19:48:39 2019
	STAGE2	OBJ_NUMBER:	17	PROCESSOR TIME	57493	DATETIME:	Fri Nov 29 19:48:39 2019
	STAGE3	OBJ_NUMBER:	17	PROCESSOR TIME	57634	DATETIME:	Fri Nov 29 19:48:39 2019
	STAGE2	OBJ_NUMBER:	18	PROCESSOR TIME	59301	DATETIME:	Fri Nov 29 19:48:39 2019
	STAGE3	OBJ_NUMBER:	18	PROCESSOR TIME	59443	DATETIME:	Fri Nov 29 19:48:39 2019
	STAGE2	OBJ_NUMBER:	19	PROCESSOR TIME	61003	DATETIME:	Fri Nov 29 19:48:39 2019
	STAGE3	OBJ_NUMBER:	19	PROCESSOR TIME	61126	DATETIME:	Fri Nov 29 19:48:39 2019
	STAGE2	OBJ_NUMBER:	20	PROCESSOR TIME	62734	DATETIME:	Fri Nov 29 19:48:39 2019
	STAGE3	OBJ_NUMBER:	20	PROCESSOR TIME	62851	DATETIME:	Fri Nov 29 19:48:39 2019

CONVEYOR STOPPED WORKING AT:	Fri Nov 29 19:48:39 2019

------------------------------------------
